// Jest Snapshot v1, https://goo.gl/fbAQLP

exports[`Hello Component default render 1`] = `
<div class="hello">
  <h1>Welcome</h1>
</div>
`;
