// Jest Snapshot v1, https://goo.gl/fbAQLP

exports[`Button.vue renders props.msg when passed 1`] = `<button class="button" style="color: rgb(66, 185, 131); border-color: #42b983;"></button>`;
